number,letter
2,c
2,e
2,f
2,g
2,h
3,a
4,b
12,c
12,d
15,b
